=== RUN   TestNewCachedFetcher_WithDefaults
--- PASS: TestNewCachedFetcher_WithDefaults (0.00s)
=== RUN   TestNewCachedFetcher_WithCustomValues
--- PASS: TestNewCachedFetcher_WithCustomValues (0.00s)
=== RUN   TestCachedFetcher_IsCacheStale
--- PASS: TestCachedFetcher_IsCacheStale (0.15s)
=== RUN   TestCachedFetcher_IsCacheOverused
--- PASS: TestCachedFetcher_IsCacheOverused (0.00s)
=== RUN   TestCachedFetcher_Update
--- PASS: TestCachedFetcher_Update (0.00s)
=== RUN   TestCachedFetcher_UnspentTokensIteratorBy_CacheHit
--- PASS: TestCachedFetcher_UnspentTokensIteratorBy_CacheHit (0.00s)
=== RUN   TestCachedFetcher_UnspentTokensIteratorBy_CacheMiss
--- PASS: TestCachedFetcher_UnspentTokensIteratorBy_CacheMiss (0.00s)
=== RUN   TestCachedFetcher_UnspentTokensIteratorBy_StaleCache
--- PASS: TestCachedFetcher_UnspentTokensIteratorBy_StaleCache (0.10s)
=== RUN   TestCachedFetcher_CacheClear
--- PASS: TestCachedFetcher_CacheClear (0.01s)
=== RUN   TestNewMixedFetcher
--- PASS: TestNewMixedFetcher (0.00s)
=== RUN   TestRistrettoCache_Integration
    fetcher_test.go:350: Cache miss - Ristretto may have evicted the item or not yet processed it
--- PASS: TestRistrettoCache_Integration (0.05s)
=== RUN   TestRistrettoCache_SizeLimit
    fetcher_test.go:407: Cache evicted the test item - this is acceptable for a small cache with many additions
--- PASS: TestRistrettoCache_SizeLimit (0.10s)
=== RUN   TestTokenKey
=== RUN   TestTokenKey/creates_consistent_key
=== RUN   TestTokenKey/creates_different_keys_for_different_wallets
=== RUN   TestTokenKey/creates_different_keys_for_different_currencies
=== RUN   TestTokenKey/handles_empty_wallet_ID
=== RUN   TestTokenKey/handles_empty_currency
--- PASS: TestTokenKey (0.00s)
    --- PASS: TestTokenKey/creates_consistent_key (0.00s)
    --- PASS: TestTokenKey/creates_different_keys_for_different_wallets (0.00s)
    --- PASS: TestTokenKey/creates_different_keys_for_different_currencies (0.00s)
    --- PASS: TestTokenKey/handles_empty_wallet_ID (0.00s)
    --- PASS: TestTokenKey/handles_empty_currency (0.00s)
=== RUN   TestLazyFetcher_UnspentTokensIteratorBy_ErrorHandling
=== RUN   TestLazyFetcher_UnspentTokensIteratorBy_ErrorHandling/returns_error_from_database
=== RUN   TestLazyFetcher_UnspentTokensIteratorBy_ErrorHandling/handles_empty_wallet_ID
--- PASS: TestLazyFetcher_UnspentTokensIteratorBy_ErrorHandling (0.00s)
    --- PASS: TestLazyFetcher_UnspentTokensIteratorBy_ErrorHandling/returns_error_from_database (0.00s)
    --- PASS: TestLazyFetcher_UnspentTokensIteratorBy_ErrorHandling/handles_empty_wallet_ID (0.00s)
=== RUN   TestMixedFetcher_FallbackBehavior
=== RUN   TestMixedFetcher_FallbackBehavior/uses_lazy_fetcher_when_eager_returns_error
[33m2026-04-10 19:52:34.054 IST 0001 WARN[0m [fts.services.selector.sherdlock] [33;1mupdate[0m -> Failed to get token iterator: db error
=== RUN   TestMixedFetcher_FallbackBehavior/uses_lazy_fetcher_when_eager_returns_empty_iterator
--- PASS: TestMixedFetcher_FallbackBehavior (0.00s)
    --- PASS: TestMixedFetcher_FallbackBehavior/uses_lazy_fetcher_when_eager_returns_error (0.00s)
    --- PASS: TestMixedFetcher_FallbackBehavior/uses_lazy_fetcher_when_eager_returns_empty_iterator (0.00s)
=== RUN   TestCachedFetcher_ConcurrentAccess
=== RUN   TestCachedFetcher_ConcurrentAccess/handles_concurrent_reads_during_update
--- PASS: TestCachedFetcher_ConcurrentAccess (0.00s)
    --- PASS: TestCachedFetcher_ConcurrentAccess/handles_concurrent_reads_during_update (0.00s)
=== RUN   TestCachedFetcher_GroupTokensByKey
=== RUN   TestCachedFetcher_GroupTokensByKey/groups_tokens_correctly
=== RUN   TestCachedFetcher_GroupTokensByKey/handles_empty_iterator
--- PASS: TestCachedFetcher_GroupTokensByKey (0.00s)
    --- PASS: TestCachedFetcher_GroupTokensByKey/groups_tokens_correctly (0.00s)
    --- PASS: TestCachedFetcher_GroupTokensByKey/handles_empty_iterator (0.00s)
=== RUN   TestCachedFetcher_UpdateCache
=== RUN   TestCachedFetcher_UpdateCache/removes_stale_keys
=== RUN   TestCachedFetcher_UpdateCache/handles_empty_update
=== RUN   TestCachedFetcher_UpdateCache/no_empty_cache_during_concurrent_updates
--- PASS: TestCachedFetcher_UpdateCache (0.06s)
    --- PASS: TestCachedFetcher_UpdateCache/removes_stale_keys (0.01s)
    --- PASS: TestCachedFetcher_UpdateCache/handles_empty_update (0.00s)
    --- PASS: TestCachedFetcher_UpdateCache/no_empty_cache_during_concurrent_updates (0.05s)
=== RUN   TestCachedFetcher_SoftRefresh
=== RUN   TestCachedFetcher_SoftRefresh/triggers_soft_refresh_when_overused
--- PASS: TestCachedFetcher_SoftRefresh (0.05s)
    --- PASS: TestCachedFetcher_SoftRefresh/triggers_soft_refresh_when_overused (0.05s)
=== RUN   TestNewFetcherProvider
=== RUN   TestNewFetcherProvider/creates_provider_with_valid_strategy
=== RUN   TestNewFetcherProvider/panics_with_invalid_strategy
=== RUN   TestNewFetcherProvider/creates_provider_with_zero_values
--- PASS: TestNewFetcherProvider (0.00s)
    --- PASS: TestNewFetcherProvider/creates_provider_with_valid_strategy (0.00s)
    --- PASS: TestNewFetcherProvider/panics_with_invalid_strategy (0.00s)
    --- PASS: TestNewFetcherProvider/creates_provider_with_zero_values (0.00s)
=== RUN   TestFetcherProvider_GetFetcher
=== RUN   TestFetcherProvider_GetFetcher/returns_error_when_token_store_service_not_found
=== RUN   TestFetcherProvider_GetFetcher/returns_fetcher_when_token_store_service_found
--- PASS: TestFetcherProvider_GetFetcher (0.00s)
    --- PASS: TestFetcherProvider_GetFetcher/returns_error_when_token_store_service_not_found (0.00s)
    --- PASS: TestFetcherProvider_GetFetcher/returns_fetcher_when_token_store_service_found (0.00s)
=== RUN   TestCachedFetcher_UpdateWithDatabaseError
=== RUN   TestCachedFetcher_UpdateWithDatabaseError/handles_database_error_gracefully
[33m2026-04-10 19:52:34.164 IST 0002 WARN[0m [fts.services.selector.sherdlock] [33;1mupdate[0m -> Failed to get token iterator: database connection failed
--- PASS: TestCachedFetcher_UpdateWithDatabaseError (0.00s)
    --- PASS: TestCachedFetcher_UpdateWithDatabaseError/handles_database_error_gracefully (0.00s)
=== RUN   TestTokenKey_EdgeCases
=== RUN   TestTokenKey_EdgeCases/handles_special_characters_in_wallet_ID
=== RUN   TestTokenKey_EdgeCases/handles_special_characters_in_currency
=== RUN   TestTokenKey_EdgeCases/handles_unicode_characters
--- PASS: TestTokenKey_EdgeCases (0.00s)
    --- PASS: TestTokenKey_EdgeCases/handles_special_characters_in_wallet_ID (0.00s)
    --- PASS: TestTokenKey_EdgeCases/handles_special_characters_in_currency (0.00s)
    --- PASS: TestTokenKey_EdgeCases/handles_unicode_characters (0.00s)
=== RUN   TestMixedFetcher_MetricsTracking
=== RUN   TestMixedFetcher_MetricsTracking/tracks_eager_fetcher_usage
=== RUN   TestMixedFetcher_MetricsTracking/tracks_lazy_fetcher_usage
--- PASS: TestMixedFetcher_MetricsTracking (0.00s)
    --- PASS: TestMixedFetcher_MetricsTracking/tracks_eager_fetcher_usage (0.00s)
    --- PASS: TestMixedFetcher_MetricsTracking/tracks_lazy_fetcher_usage (0.00s)
=== RUN   TestManager_Stop
=== RUN   TestManager_Stop/Stop_halts_cleaner_goroutine
=== RUN   TestManager_Stop/Stop_is_idempotent
=== RUN   TestManager_Stop/Stop_is_safe_when_cleaner_was_never_started
--- PASS: TestManager_Stop (0.12s)
    --- PASS: TestManager_Stop/Stop_halts_cleaner_goroutine (0.12s)
    --- PASS: TestManager_Stop/Stop_is_idempotent (0.00s)
    --- PASS: TestManager_Stop/Stop_is_safe_when_cleaner_was_never_started (0.00s)
=== RUN   TestSelectorService_Shutdown
=== RUN   TestSelectorService_Shutdown/Shutdown_stops_all_tracked_managers
=== RUN   TestSelectorService_Shutdown/Shutdown_is_safe_with_no_managers
--- PASS: TestSelectorService_Shutdown (0.00s)
    --- PASS: TestSelectorService_Shutdown/Shutdown_stops_all_tracked_managers (0.00s)
    --- PASS: TestSelectorService_Shutdown/Shutdown_is_safe_with_no_managers (0.00s)
=== RUN   TestSufficientTokensOneReplica
    manager_test.go:36: 
        	Error Trace:	D:/LFX/fabric-token-sdk/token/services/selector/sherdlock/manager_test.go:119
        	            				D:/LFX/fabric-token-sdk/token/services/selector/sherdlock/manager_test.go:81
        	            				D:/LFX/fabric-token-sdk/token/services/selector/sherdlock/manager_test.go:36
        	Error:      	Received unexpected error:
        	            	can't create postgres container: error during connect: in the default daemon configuration on Windows, the docker client must be run with elevated privileges to connect: Head "http://%2F%2F.%2Fpipe%2Fdocker_engine/_ping": open //./pipe/docker_engine: The system cannot find the file specified.
        	Test:       	TestSufficientTokensOneReplica
--- FAIL: TestSufficientTokensOneReplica (0.00s)
=== RUN   TestSufficientTokensOneReplicaNoRetry
    manager_test.go:42: 
        	Error Trace:	D:/LFX/fabric-token-sdk/token/services/selector/sherdlock/manager_test.go:119
        	            				D:/LFX/fabric-token-sdk/token/services/selector/sherdlock/manager_test.go:81
        	            				D:/LFX/fabric-token-sdk/token/services/selector/sherdlock/manager_test.go:42
        	Error:      	Received unexpected error:
        	            	can't create postgres container: error during connect: in the default daemon configuration on Windows, the docker client must be run with elevated privileges to connect: Head "http://%2F%2F.%2Fpipe%2Fdocker_engine/_ping": open //./pipe/docker_engine: The system cannot find the file specified.
        	Test:       	TestSufficientTokensOneReplicaNoRetry
--- FAIL: TestSufficientTokensOneReplicaNoRetry (0.00s)
=== RUN   TestSufficientTokensBigDenominationsOneReplica
    manager_test.go:48: 
        	Error Trace:	D:/LFX/fabric-token-sdk/token/services/selector/sherdlock/manager_test.go:119
        	            				D:/LFX/fabric-token-sdk/token/services/selector/sherdlock/manager_test.go:81
        	            				D:/LFX/fabric-token-sdk/token/services/selector/sherdlock/manager_test.go:48
        	Error:      	Received unexpected error:
        	            	can't create postgres container: error during connect: in the default daemon configuration on Windows, the docker client must be run with elevated privileges to connect: Head "http://%2F%2F.%2Fpipe%2Fdocker_engine/_ping": open //./pipe/docker_engine: The system cannot find the file specified.
        	Test:       	TestSufficientTokensBigDenominationsOneReplica
--- FAIL: TestSufficientTokensBigDenominationsOneReplica (0.00s)
=== RUN   TestSufficientTokensBigDenominationsManyReplicas
    manager_test.go:54: 
        	Error Trace:	D:/LFX/fabric-token-sdk/token/services/selector/sherdlock/manager_test.go:119
        	            				D:/LFX/fabric-token-sdk/token/services/selector/sherdlock/manager_test.go:81
        	            				D:/LFX/fabric-token-sdk/token/services/selector/sherdlock/manager_test.go:54
        	Error:      	Received unexpected error:
        	            	can't create postgres container: error during connect: in the default daemon configuration on Windows, the docker client must be run with elevated privileges to connect: Head "http://%2F%2F.%2Fpipe%2Fdocker_engine/_ping": open //./pipe/docker_engine: The system cannot find the file specified.
        	Test:       	TestSufficientTokensBigDenominationsManyReplicas
--- FAIL: TestSufficientTokensBigDenominationsManyReplicas (0.00s)
=== RUN   TestInsufficientTokensOneReplica
    manager_test.go:60: 
        	Error Trace:	D:/LFX/fabric-token-sdk/token/services/selector/sherdlock/manager_test.go:119
        	            				D:/LFX/fabric-token-sdk/token/services/selector/sherdlock/manager_test.go:81
        	            				D:/LFX/fabric-token-sdk/token/services/selector/sherdlock/manager_test.go:60
        	Error:      	Received unexpected error:
        	            	can't create postgres container: error during connect: in the default daemon configuration on Windows, the docker client must be run with elevated privileges to connect: Head "http://%2F%2F.%2Fpipe%2Fdocker_engine/_ping": open //./pipe/docker_engine: The system cannot find the file specified.
        	Test:       	TestInsufficientTokensOneReplica
--- FAIL: TestInsufficientTokensOneReplica (0.00s)
=== RUN   TestSufficientTokensManyReplicas
    manager_test.go:66: 
        	Error Trace:	D:/LFX/fabric-token-sdk/token/services/selector/sherdlock/manager_test.go:119
        	            				D:/LFX/fabric-token-sdk/token/services/selector/sherdlock/manager_test.go:81
        	            				D:/LFX/fabric-token-sdk/token/services/selector/sherdlock/manager_test.go:66
        	Error:      	Received unexpected error:
        	            	can't create postgres container: error during connect: in the default daemon configuration on Windows, the docker client must be run with elevated privileges to connect: Head "http://%2F%2F.%2Fpipe%2Fdocker_engine/_ping": open //./pipe/docker_engine: The system cannot find the file specified.
        	Test:       	TestSufficientTokensManyReplicas
--- FAIL: TestSufficientTokensManyReplicas (0.00s)
=== RUN   TestInsufficientTokensManyReplicas
    manager_test.go:72: 
        	Error Trace:	D:/LFX/fabric-token-sdk/token/services/selector/sherdlock/manager_test.go:119
        	            				D:/LFX/fabric-token-sdk/token/services/selector/sherdlock/manager_test.go:81
        	            				D:/LFX/fabric-token-sdk/token/services/selector/sherdlock/manager_test.go:72
        	Error:      	Received unexpected error:
        	            	can't create postgres container: error during connect: in the default daemon configuration on Windows, the docker client must be run with elevated privileges to connect: Head "http://%2F%2F.%2Fpipe%2Fdocker_engine/_ping": open //./pipe/docker_engine: The system cannot find the file specified.
        	Test:       	TestInsufficientTokensManyReplicas
--- FAIL: TestInsufficientTokensManyReplicas (0.00s)
=== RUN   TestNewManager
=== RUN   TestNewManager/creates_manager_with_valid_parameters
=== RUN   TestNewManager/does_not_start_cleaner_when_lease_expiry_is_zero
=== RUN   TestNewManager/does_not_start_cleaner_when_cleanup_tick_period_is_zero
--- PASS: TestNewManager (0.00s)
    --- PASS: TestNewManager/creates_manager_with_valid_parameters (0.00s)
    --- PASS: TestNewManager/does_not_start_cleaner_when_lease_expiry_is_zero (0.00s)
    --- PASS: TestNewManager/does_not_start_cleaner_when_cleanup_tick_period_is_zero (0.00s)
=== RUN   TestManager_NewSelector
=== RUN   TestManager_NewSelector/creates_new_selector_for_transaction_ID
=== RUN   TestManager_NewSelector/returns_same_selector_for_same_transaction_ID
=== RUN   TestManager_NewSelector/creates_different_selectors_for_different_transaction_IDs
--- PASS: TestManager_NewSelector (0.00s)
    --- PASS: TestManager_NewSelector/creates_new_selector_for_transaction_ID (0.00s)
    --- PASS: TestManager_NewSelector/returns_same_selector_for_same_transaction_ID (0.00s)
    --- PASS: TestManager_NewSelector/creates_different_selectors_for_different_transaction_IDs (0.00s)
=== RUN   TestManager_Unlock
=== RUN   TestManager_Unlock/calls_locker_UnlockByTxID
=== RUN   TestManager_Unlock/returns_error_from_locker
--- PASS: TestManager_Unlock (0.00s)
    --- PASS: TestManager_Unlock/calls_locker_UnlockByTxID (0.00s)
    --- PASS: TestManager_Unlock/returns_error_from_locker (0.00s)
=== RUN   TestManager_Close
=== RUN   TestManager_Close/closes_existing_selector
=== RUN   TestManager_Close/returns_error_for_non-existent_selector
=== RUN   TestManager_Close/can_close_selector_multiple_times_returns_error
--- PASS: TestManager_Close (0.00s)
    --- PASS: TestManager_Close/closes_existing_selector (0.00s)
    --- PASS: TestManager_Close/returns_error_for_non-existent_selector (0.00s)
    --- PASS: TestManager_Close/can_close_selector_multiple_times_returns_error (0.00s)
=== RUN   TestManager_Cleaner
=== RUN   TestManager_Cleaner/cleaner_calls_Cleanup_periodically
=== RUN   TestManager_Cleaner/cleaner_handles_cleanup_errors_gracefully
--- PASS: TestManager_Cleaner (0.15s)
    --- PASS: TestManager_Cleaner/cleaner_calls_Cleanup_periodically (0.10s)
    --- PASS: TestManager_Cleaner/cleaner_handles_cleanup_errors_gracefully (0.05s)
[31m2026-04-10 19:52:34.438 IST 0003 ERRO[0m [fts.services.selector.sherdlock] [31;1mcleaner[0m -> failed to release token locks: [cleanup error]
=== RUN   TestManager_NewSelector_Concurrent
=== RUN   TestManager_NewSelector_Concurrent/handles_concurrent_selector_creation
--- PASS: TestManager_NewSelector_Concurrent (0.00s)
    --- PASS: TestManager_NewSelector_Concurrent/handles_concurrent_selector_creation (0.00s)
=== RUN   TestManager_Close_Concurrent
=== RUN   TestManager_Close_Concurrent/handles_concurrent_close_attempts
--- PASS: TestManager_Close_Concurrent (0.00s)
    --- PASS: TestManager_Close_Concurrent/handles_concurrent_close_attempts (0.00s)
=== RUN   TestManager_Unlock_EdgeCases
=== RUN   TestManager_Unlock_EdgeCases/handles_empty_transaction_ID
=== RUN   TestManager_Unlock_EdgeCases/handles_very_long_transaction_ID
--- PASS: TestManager_Unlock_EdgeCases (0.00s)
    --- PASS: TestManager_Unlock_EdgeCases/handles_empty_transaction_ID (0.00s)
    --- PASS: TestManager_Unlock_EdgeCases/handles_very_long_transaction_ID (0.00s)
=== RUN   TestManager_Cleaner_EdgeCases
=== RUN   TestManager_Cleaner_EdgeCases/cleaner_stops_when_context_is_cancelled
=== RUN   TestManager_Cleaner_EdgeCases/cleaner_uses_correct_lease_expiry
[31m2026-04-10 19:52:34.488 IST 0004 ERRO[0m [fts.services.selector.sherdlock] [31;1mcleaner[0m -> failed to release token locks: [cleanup error]
--- PASS: TestManager_Cleaner_EdgeCases (0.06s)
    --- PASS: TestManager_Cleaner_EdgeCases/cleaner_stops_when_context_is_cancelled (0.05s)
    --- PASS: TestManager_Cleaner_EdgeCases/cleaner_uses_correct_lease_expiry (0.01s)
=== RUN   TestManager_NewSelector_WithDifferentPrecisions
=== RUN   TestManager_NewSelector_WithDifferentPrecisions/zero_precision
=== RUN   TestManager_NewSelector_WithDifferentPrecisions/small_precision
=== RUN   TestManager_NewSelector_WithDifferentPrecisions/normal_precision
=== RUN   TestManager_NewSelector_WithDifferentPrecisions/large_precision
--- PASS: TestManager_NewSelector_WithDifferentPrecisions (0.00s)
    --- PASS: TestManager_NewSelector_WithDifferentPrecisions/zero_precision (0.00s)
    --- PASS: TestManager_NewSelector_WithDifferentPrecisions/small_precision (0.00s)
    --- PASS: TestManager_NewSelector_WithDifferentPrecisions/normal_precision (0.00s)
    --- PASS: TestManager_NewSelector_WithDifferentPrecisions/large_precision (0.00s)
=== RUN   TestStubbornSelector_ContextCancellation
=== RUN   TestStubbornSelector_ContextCancellation/returns_ctx.Err_on_cancellation_during_backoff
[33m2026-04-10 19:52:34.498 IST 0005 WARN[0m [fts.services.selector.sherdlock] [33;1mselectInternal[0m -> Exceeded max number of immediate retries. Unlock tokens and abort...
--- PASS: TestStubbornSelector_ContextCancellation (0.05s)
    --- PASS: TestStubbornSelector_ContextCancellation/returns_ctx.Err_on_cancellation_during_backoff (0.05s)
=== RUN   TestSelectorUnit
=== RUN   TestSelectorUnit/SelectSuccess
=== RUN   TestSelectorUnit/InsufficientFunds
=== RUN   TestSelectorUnit/ClosedError
=== RUN   TestSelectorUnit/FetcherError
--- PASS: TestSelectorUnit (0.00s)
    --- PASS: TestSelectorUnit/SelectSuccess (0.00s)
    --- PASS: TestSelectorUnit/InsufficientFunds (0.00s)
    --- PASS: TestSelectorUnit/ClosedError (0.00s)
    --- PASS: TestSelectorUnit/FetcherError (0.00s)
=== RUN   TestStubbornSelectorUnit
=== RUN   TestStubbornSelectorUnit/SelectSuccessAfterImmediateRetries
=== RUN   TestStubbornSelectorUnit/ContextCanceled
=== RUN   TestStubbornSelectorUnit/MaxRetriesExceeded
[33m2026-04-10 19:52:34.549 IST 0006 WARN[0m [fts.services.selector.sherdlock] [33;1mselectInternal[0m -> Exceeded max number of immediate retries. Unlock tokens and abort...
[33m2026-04-10 19:52:34.550 IST 0007 WARN[0m [fts.services.selector.sherdlock] [33;1mselectInternal[0m -> Exceeded max number of immediate retries. Unlock tokens and abort...
--- PASS: TestStubbornSelectorUnit (0.00s)
    --- PASS: TestStubbornSelectorUnit/SelectSuccessAfterImmediateRetries (0.00s)
    --- PASS: TestStubbornSelectorUnit/ContextCanceled (0.00s)
    --- PASS: TestStubbornSelectorUnit/MaxRetriesExceeded (0.00s)
=== RUN   TestServiceUnit
=== RUN   TestServiceUnit/Shutdown
=== RUN   TestServiceUnit/SelectorManager_NilTMS
=== RUN   TestServiceUnit/Loader_Load_Errors
--- PASS: TestServiceUnit (0.00s)
    --- PASS: TestServiceUnit/Shutdown (0.00s)
    --- PASS: TestServiceUnit/SelectorManager_NilTMS (0.00s)
    --- PASS: TestServiceUnit/Loader_Load_Errors (0.00s)
=== RUN   TestManagerUnit
=== RUN   TestManagerUnit/NewSelector
=== RUN   TestManagerUnit/Close_NotFound
=== RUN   TestManagerUnit/Stop
--- PASS: TestManagerUnit (0.00s)
    --- PASS: TestManagerUnit/NewSelector (0.00s)
    --- PASS: TestManagerUnit/Close_NotFound (0.00s)
    --- PASS: TestManagerUnit/Stop (0.00s)
=== RUN   TestFetcherProviderUnit
=== RUN   TestFetcherProviderUnit/GetFetcher_Error
--- PASS: TestFetcherProviderUnit (0.00s)
    --- PASS: TestFetcherProviderUnit/GetFetcher_Error (0.00s)
FAIL
FAIL	github.com/hyperledger-labs/fabric-token-sdk/token/services/selector/sherdlock	1.074s
FAIL
